
Hp@Paramjit MINGW64 ~/Assignments (master)
$ git branch js-assignments

Hp@Paramjit MINGW64 ~/Assignments (master)
$ git checkout js-assignments
Switched to branch 'js-assignments'

Hp@Paramjit MINGW64 ~/Assignments (js-assignments)
$ git add .

Hp@Paramjit MINGW64 ~/Assignments (js-assignments)
$ git commit -m "commiting step4"
[js-assignments af0b635] commiting step4
 1 file changed, 0 insertions(+), 0 deletions(-)
 create mode 100644 jsfiles.java

Hp@Paramjit MINGW64 ~/Assignments (js-assignments)
$ vi README.txt

Hp@Paramjit MINGW64 ~/Assignments (js-assignments)
$ git add .

Hp@Paramjit MINGW64 ~/Assignments (js-assignments)
$ git commit -m "commiting step6
> q
> bash: unexpected EOF while looking for matching `"'
bash: syntax error: unexpected end of file

Hp@Paramjit MINGW64 ~/Assignments (js-assignments)
$ git commit -m "commiting step6"
[js-assignments 095bd51] commiting step6
 1 file changed, 1 insertion(+), 1 deletion(-)

Hp@Paramjit MINGW64 ~/Assignments (js-assignments)
$ git status
On branch js-assignments
nothing to commit, working tree clean

Hp@Paramjit MINGW64 ~/Assignments (js-assignments)
$ git checkout master
Switched to branch 'master'

Hp@Paramjit MINGW64 ~/Assignments (master)
$ vi README.txt

Hp@Paramjit MINGW64 ~/Assignments (master)
$ git add .

Hp@Paramjit MINGW64 ~/Assignments (master)
$ git commit -m "commiting step8"
[master 85930cc] commiting step8
 1 file changed, 1 insertion(+), 1 deletion(-)

Hp@Paramjit MINGW64 ~/Assignments (master)
$ git checkout js-assignments
Switched to branch 'js-assignments'

Hp@Paramjit MINGW64 ~/Assignments (js-assignments)
$ ls
README.txt  cssfiles.css  htmlfiles.html  jsfiles.java

Hp@Paramjit MINGW64 ~/Assignments (js-assignments)
$ vi jsfiles.java

Hp@Paramjit MINGW64 ~/Assignments (js-assignments)
$ git add .
warning: LF will be replaced by CRLF in jsfiles.java.
The file will have its original line endings in your working directory

Hp@Paramjit MINGW64 ~/Assignments (js-assignments)
$ git commit -m "commiting step11"
[js-assignments 3047c37] commiting step11
 1 file changed, 1 insertion(+)

Hp@Paramjit MINGW64 ~/Assignments (js-assignments)
$ git checkout master
Switched to branch 'master'

Hp@Paramjit MINGW64 ~/Assignments (master)
$ git merge js-assignments
Auto-merging README.txt
CONFLICT (content): Merge conflict in README.txt
Automatic merge failed; fix conflicts and then commit the result.

Hp@Paramjit MINGW64 ~/Assignments (master|MERGING)
$ git merge --abort

Hp@Paramjit MINGW64 ~/Assignments (master)
$ git add .

Hp@Paramjit MINGW64 ~/Assignments (master)
$ git status
On branch master
nothing to commit, working tree clean

Hp@Paramjit MINGW64 ~/Assignments (master)
$ git commit -m "adding readme again"
On branch master
nothing to commit, working tree clean

Hp@Paramjit MINGW64 ~/Assignments (master)
$ git add readme.txt

Hp@Paramjit MINGW64 ~/Assignments (master)
$ git commit -m "adding readme again"
On branch master
nothing to commit, working tree clean

Hp@Paramjit MINGW64 ~/Assignments (master)
$ git add README.txt

Hp@Paramjit MINGW64 ~/Assignments (master)
$ git commit -m "adding readme again"
On branch master
nothing to commit, working tree clean

Hp@Paramjit MINGW64 ~/Assignments (master)
$ git checkout js-assignments
Switched to branch 'js-assignments'

Hp@Paramjit MINGW64 ~/Assignments (js-assignments)
$ ls
README.txt  cssfiles.css  htmlfiles.html  jsfiles.java

Hp@Paramjit MINGW64 ~/Assignments (js-assignments)
$ git add README.txt

Hp@Paramjit MINGW64 ~/Assignments (js-assignments)
$ git commit -m "adding again readme"
On branch js-assignments
nothing to commit, working tree clean

Hp@Paramjit MINGW64 ~/Assignments (js-assignments)
$ git checkout master
Switched to branch 'master'

Hp@Paramjit MINGW64 ~/Assignments (master)
$ git merge js-assignments
Auto-merging README.txt
CONFLICT (content): Merge conflict in README.txt
Automatic merge failed; fix conflicts and then commit the result.

Hp@Paramjit MINGW64 ~/Assignments (master|MERGING)
$ git status
On branch master
You have unmerged paths.
  (fix conflicts and run "git commit")
  (use "git merge --abort" to abort the merge)

Changes to be committed:
        new file:   jsfiles.java

Unmerged paths:
  (use "git add <file>..." to mark resolution)
        both modified:   README.txt


Hp@Paramjit MINGW64 ~/Assignments (master|MERGING)
$ git commit -m "solving conflictt"
error: Committing is not possible because you have unmerged files.
hint: Fix them up in the work tree, and then use 'git add/rm <file>'
hint: as appropriate to mark resolution and make a commit.
fatal: Exiting because of an unresolved conflict.
U       README.txt

Hp@Paramjit MINGW64 ~/Assignments (master|MERGING)
$ git merge --abort

Hp@Paramjit MINGW64 ~/Assignments (master)
$ git status
On branch master
nothing to commit, working tree clean

Hp@Paramjit MINGW64 ~/Assignments (master)
$ git checkout js-assignments
Switched to branch 'js-assignments'

Hp@Paramjit MINGW64 ~/Assignments (js-assignments)
$ ls
README.txt  cssfiles.css  htmlfiles.html  jsfiles.java

Hp@Paramjit MINGW64 ~/Assignments (js-assignments)
$ git status
On branch js-assignments
nothing to commit, working tree clean

Hp@Paramjit MINGW64 ~/Assignments (js-assignments)
$ vi README.txt

Hp@Paramjit MINGW64 ~/Assignments (js-assignments)
$ git add README.txt

Hp@Paramjit MINGW64 ~/Assignments (js-assignments)
$ git commit -m "to resolve"
[js-assignments 91d9dd7] to resolve
 1 file changed, 3 insertions(+), 3 deletions(-)

Hp@Paramjit MINGW64 ~/Assignments (js-assignments)
$ git checkout master
Switched to branch 'master'

Hp@Paramjit MINGW64 ~/Assignments (master)
$ git merge js-assignments
Auto-merging README.txt
CONFLICT (content): Merge conflict in README.txt
Automatic merge failed; fix conflicts and then commit the result.

Hp@Paramjit MINGW64 ~/Assignments (master|MERGING)
$
