
Hp@Paramjit MINGW64 ~/Assignments (master)
$ git branch css-assignments

Hp@Paramjit MINGW64 ~/Assignments (master)
$ git checkout css-assignments
Switched to branch 'css-assignments'

Hp@Paramjit MINGW64 ~/Assignments (css-assignments)
$ git status
On branch css-assignments
Untracked files:
  (use "git add <file>..." to include in what will be committed)
        cssfiles.css

nothing added to commit but untracked files present (use "git add" to track)

Hp@Paramjit MINGW64 ~/Assignments (css-assignments)
$ git add .

Hp@Paramjit MINGW64 ~/Assignments (css-assignments)
$ git commit -m "commiting step4"
[css-assignments f454d3b] commiting step4
 1 file changed, 0 insertions(+), 0 deletions(-)
 create mode 100644 cssfiles.css

Hp@Paramjit MINGW64 ~/Assignments (css-assignments)
$ ls
README.txt  cssfiles.css  htmlfiles.html

Hp@Paramjit MINGW64 ~/Assignments (css-assignments)
$ vi README.txt

Hp@Paramjit MINGW64 ~/Assignments (css-assignments)
$ git status
On branch css-assignments
Changes not staged for commit:
  (use "git add <file>..." to update what will be committed)
  (use "git restore <file>..." to discard changes in working directory)
        modified:   README.txt

no changes added to commit (use "git add" and/or "git commit -a")

Hp@Paramjit MINGW64 ~/Assignments (css-assignments)
$ git add .

Hp@Paramjit MINGW64 ~/Assignments (css-assignments)
$ git commit -m "commiting step6"
[css-assignments cf9ffcc] commiting step6
 1 file changed, 1 insertion(+), 1 deletion(-)

Hp@Paramjit MINGW64 ~/Assignments (css-assignments)
$ git checkout master
Switched to branch 'master'

Hp@Paramjit MINGW64 ~/Assignments (master)
$ vi README.txt

Hp@Paramjit MINGW64 ~/Assignments (master)
$ git add .

Hp@Paramjit MINGW64 ~/Assignments (master)
$ git commit -m "commiting step8"
[master 6de6a68] commiting step8
 1 file changed, 1 insertion(+)

Hp@Paramjit MINGW64 ~/Assignments (master)
$ git checkout css-assignments
Switched to branch 'css-assignments'

Hp@Paramjit MINGW64 ~/Assignments (css-assignments)
$ ls
README.txt  cssfiles.css  htmlfiles.html

Hp@Paramjit MINGW64 ~/Assignments (css-assignments)
$ vi cssfiles.css

Hp@Paramjit MINGW64 ~/Assignments (css-assignments)
$ git add .
warning: LF will be replaced by CRLF in cssfiles.css.
The file will have its original line endings in your working directory

Hp@Paramjit MINGW64 ~/Assignments (css-assignments)
$ git commit -m "commiting step11"
[css-assignments 3fa8d54] commiting step11
 1 file changed, 1 insertion(+)

Hp@Paramjit MINGW64 ~/Assignments (css-assignments)
$ git checkout master
Switched to branch 'master'

Hp@Paramjit MINGW64 ~/Assignments (master)
$ git merge css-assignments
Auto-merging README.txt
Merge made by the 'ort' strategy.
 README.txt   | 2 +-
 cssfiles.css | 1 +
 2 files changed, 2 insertions(+), 1 deletion(-)
 create mode 100644 cssfiles.css

Hp@Paramjit MINGW64 ~/Assignments (master)
$ ls
README.txt  cssfiles.css  htmlfiles.html

Hp@Paramjit MINGW64 ~/Assignments (master)
$ git branch -d cssfiles.css
error: branch 'cssfiles.css' not found.

Hp@Paramjit MINGW64 ~/Assignments (master)
$ git branch -d css-assignments
Deleted branch css-assignments (was 3fa8d54).

Hp@Paramjit MINGW64 ~/Assignments (master)
$
